

================================================================
== Synthesis Summary Report of 'nn_inference'
================================================================
+ General Information: 
    * Date:           Mon Dec 12 20:35:59 2022
    * Version:        2020.2 (Build 3064766 on Wed Nov 18 09:12:47 MST 2020)
    * Project:        Neural_net_hls
    * Solution:       solution1 (Vivado IP Flow Target)
    * Product family: zynquplus
    * Target device:  xczu3eg-sbva484-1-i
    

+ Performance & Resource Estimates: 
    
    PS: '+' for module; 'o' for loop; '*' for dataflow
    +-------------------+------+-------+---------+-----------+----------+---------+------+----------+---------+----+-----------+-------------+-----+
    |      Modules      | Issue|       | Latency |  Latency  | Iteration|         | Trip |          |         |    |           |             |     |
    |      & Loops      | Type | Slack | (cycles)|    (ns)   |  Latency | Interval| Count| Pipelined|  BRAM   | DSP|     FF    |     LUT     | URAM|
    +-------------------+------+-------+---------+-----------+----------+---------+------+----------+---------+----+-----------+-------------+-----+
    |+ nn_inference     |     -|  -0.02|    13630|  1.363e+05|         -|    13631|     -|        no|  16 (3%)|   -|  9740 (6%)|  10566 (14%)|    -|
    | o VITIS_LOOP_5_1  |     -|  -7.30|      402|  4.020e+03|         4|        1|   400|       yes|        -|   -|          -|            -|    -|
    | o col             |     -|  -7.30|    13056|  1.306e+05|       204|        -|    64|        no|        -|   -|          -|            -|    -|
    |  o prod           |     -|  -7.30|      201|  2.010e+03|         3|        1|   200|       yes|        -|   -|          -|            -|    -|
    | o loop1           |     -|  -7.30|       66|    660.000|         4|        1|    64|       yes|        -|   -|          -|            -|    -|
    | o col             |     -|  -7.30|       29|    290.000|        15|        1|    16|       yes|        -|   -|          -|            -|    -|
    | o loop1           |     -|  -7.30|       18|    180.000|         4|        1|    16|       yes|        -|   -|          -|            -|    -|
    | o col             |     -|  -7.30|        4|     40.000|         4|        1|     2|       yes|        -|   -|          -|            -|    -|
    | o loop1           |     -|  -7.30|        2|     20.000|         1|        1|     2|       yes|        -|   -|          -|            -|    -|
    +-------------------+------+-------+---------+-----------+----------+---------+------+----------+---------+----+-----------+-------------+-----+

