

================================================================
== Synthesis Summary Report of 'nn_inference'
================================================================
+ General Information: 
    * Date:           Wed Dec 14 18:29:29 2022
    * Version:        2020.2 (Build 3064766 on Wed Nov 18 09:12:47 MST 2020)
    * Project:        Neural_net_hls
    * Solution:       solution1 (Vivado IP Flow Target)
    * Product family: zynquplus
    * Target device:  xczu3eg-sbva484-1-i
    

+ Performance & Resource Estimates: 
    
    PS: '+' for module; 'o' for loop; '*' for dataflow
    +-------------------+------+-------+---------+-----------+----------+---------+------+----------+---------+----+-----------+------------+-----+
    |      Modules      | Issue|       | Latency |  Latency  | Iteration|         | Trip |          |         |    |           |            |     |
    |      & Loops      | Type | Slack | (cycles)|    (ns)   |  Latency | Interval| Count| Pipelined|  BRAM   | DSP|     FF    |     LUT    | URAM|
    +-------------------+------+-------+---------+-----------+----------+---------+------+----------+---------+----+-----------+------------+-----+
    |+ nn_inference     |     -|  -0.02|    34972|  3.497e+05|         -|    34973|     -|        no|  32 (7%)|   -|  8122 (5%)|  9244 (13%)|    -|
    | o VITIS_LOOP_5_1  |     -|  -7.30|      402|  4.020e+03|         4|        1|   400|       yes|        -|   -|          -|           -|    -|
    | o col             |     -|  -7.30|    26112|  2.611e+05|       204|        -|   128|        no|        -|   -|          -|           -|    -|
    |  o prod           |     -|  -7.30|      201|  2.010e+03|         3|        1|   200|       yes|        -|   -|          -|           -|    -|
    | o loop1           |     -|  -7.30|      130|  1.300e+03|         4|        1|   128|       yes|        -|   -|          -|           -|    -|
    | o col_prod        |     -|  -7.30|     8193|  8.193e+04|         3|        1|  8192|       yes|        -|   -|          -|           -|    -|
    | o loop1           |     -|  -7.30|       66|    660.000|         4|        1|    64|       yes|        -|   -|          -|           -|    -|
    | o col             |     -|  -7.30|       18|    180.000|        15|        1|     5|       yes|        -|   -|          -|           -|    -|
    | o loop1           |     -|  -7.30|        6|     60.000|         2|        1|     5|       yes|        -|   -|          -|           -|    -|
    +-------------------+------+-------+---------+-----------+----------+---------+------+----------+---------+----+-----------+------------+-----+

