

================================================================
== Vitis HLS Report for 'nn_inference'
================================================================
* Date:           Wed Dec 14 18:29:27 2022

* Version:        2020.2 (Build 3064766 on Wed Nov 18 09:12:47 MST 2020)
* Project:        Neural_net_hls
* Solution:       solution1 (Vivado IP Flow Target)
* Product family: zynquplus
* Target device:  xczu3eg-sbva484-1-i


================================================================
== Performance Estimates
================================================================
+ Timing: 
    * Summary: 
    +--------+----------+----------+------------+
    |  Clock |  Target  | Estimated| Uncertainty|
    +--------+----------+----------+------------+
    |ap_clk  |  10.00 ns|  7.285 ns|     2.70 ns|
    +--------+----------+----------+------------+

+ Latency: 
    * Summary: 
    +---------+---------+----------+----------+-------+-------+---------+
    |  Latency (cycles) |  Latency (absolute) |    Interval   | Pipeline|
    |   min   |   max   |    min   |    max   |  min  |  max  |   Type  |
    +---------+---------+----------+----------+-------+-------+---------+
    |    34972|    34972|  0.350 ms|  0.350 ms|  34973|  34973|     none|
    +---------+---------+----------+----------+-------+-------+---------+

    + Detail: 
        * Instance: 
        N/A

        * Loop: 
        +------------------+---------+---------+----------+-----------+-----------+------+----------+
        |                  |  Latency (cycles) | Iteration|  Initiation Interval  | Trip |          |
        |     Loop Name    |   min   |   max   |  Latency |  achieved |   target  | Count| Pipelined|
        +------------------+---------+---------+----------+-----------+-----------+------+----------+
        |- VITIS_LOOP_5_1  |      402|      402|         4|          1|          1|   400|       yes|
        |- col             |    26112|    26112|       204|          -|          -|   128|        no|
        | + prod           |      201|      201|         3|          1|          1|   200|       yes|
        |- loop1           |      130|      130|         4|          1|          1|   128|       yes|
        |- col_prod        |     8193|     8193|         3|          1|          1|  8192|       yes|
        |- loop1           |       66|       66|         4|          1|          1|    64|       yes|
        |- col             |       18|       18|        15|          1|          1|     5|       yes|
        |- loop1           |        6|        6|         2|          1|          1|     5|       yes|
        +------------------+---------+---------+----------+-----------+-----------+------+----------+



================================================================
== Utilization Estimates
================================================================
* Summary: 
+-----------------+---------+-----+--------+-------+-----+
|       Name      | BRAM_18K| DSP |   FF   |  LUT  | URAM|
+-----------------+---------+-----+--------+-------+-----+
|DSP              |        -|    -|       -|      -|    -|
|Expression       |        -|    -|       0|   6666|    -|
|FIFO             |        -|    -|       -|      -|    -|
|Instance         |        -|    0|       0|   1340|    -|
|Memory           |       32|    -|     558|     67|    -|
|Multiplexer      |        -|    -|       -|    979|    -|
|Register         |        -|    -|    7564|    192|    -|
+-----------------+---------+-----+--------+-------+-----+
|Total            |       32|    0|    8122|   9244|    0|
+-----------------+---------+-----+--------+-------+-----+
|Available        |      432|  360|  141120|  70560|    0|
+-----------------+---------+-----+--------+-------+-----+
|Utilization (%)  |        7|    0|       5|     13|    0|
+-----------------+---------+-----+--------+-------+-----+

+ Detail: 
    * Instance: 
    +--------------------------------+-----------------------------+---------+----+---+----+-----+
    |            Instance            |            Module           | BRAM_18K| DSP| FF| LUT| URAM|
    +--------------------------------+-----------------------------+---------+----+---+----+-----+
    |dcmp_64ns_64ns_1_2_no_dsp_1_U2  |dcmp_64ns_64ns_1_2_no_dsp_1  |        0|   0|  0|   0|    0|
    |fpext_32ns_64_2_no_dsp_1_U1     |fpext_32ns_64_2_no_dsp_1     |        0|   0|  0|   0|    0|
    |mul_7s_32s_39_1_1_U3            |mul_7s_32s_39_1_1            |        0|   0|  0|  20|    0|
    |mul_7s_32s_39_1_1_U4            |mul_7s_32s_39_1_1            |        0|   0|  0|  20|    0|
    |mul_7s_32s_39_1_1_U12           |mul_7s_32s_39_1_1            |        0|   0|  0|  20|    0|
    |mul_7s_32s_39_1_1_U15           |mul_7s_32s_39_1_1            |        0|   0|  0|  20|    0|
    |mul_7s_32s_39_1_1_U17           |mul_7s_32s_39_1_1            |        0|   0|  0|  20|    0|
    |mul_7s_32s_39_1_1_U18           |mul_7s_32s_39_1_1            |        0|   0|  0|  20|    0|
    |mul_7s_32s_39_1_1_U25           |mul_7s_32s_39_1_1            |        0|   0|  0|  20|    0|
    |mul_7s_32s_39_1_1_U27           |mul_7s_32s_39_1_1            |        0|   0|  0|  20|    0|
    |mul_7s_32s_39_1_1_U33           |mul_7s_32s_39_1_1            |        0|   0|  0|  20|    0|
    |mul_7s_32s_39_1_1_U37           |mul_7s_32s_39_1_1            |        0|   0|  0|  20|    0|
    |mul_7s_32s_39_1_1_U40           |mul_7s_32s_39_1_1            |        0|   0|  0|  20|    0|
    |mul_7s_32s_39_1_1_U43           |mul_7s_32s_39_1_1            |        0|   0|  0|  20|    0|
    |mul_7s_32s_39_1_1_U44           |mul_7s_32s_39_1_1            |        0|   0|  0|  20|    0|
    |mul_7s_32s_39_1_1_U48           |mul_7s_32s_39_1_1            |        0|   0|  0|  20|    0|
    |mul_7s_32s_39_1_1_U49           |mul_7s_32s_39_1_1            |        0|   0|  0|  20|    0|
    |mul_7s_32s_39_1_1_U50           |mul_7s_32s_39_1_1            |        0|   0|  0|  20|    0|
    |mul_7s_32s_39_1_1_U51           |mul_7s_32s_39_1_1            |        0|   0|  0|  20|    0|
    |mul_7s_32s_39_1_1_U59           |mul_7s_32s_39_1_1            |        0|   0|  0|  20|    0|
    |mul_7s_32s_39_1_1_U62           |mul_7s_32s_39_1_1            |        0|   0|  0|  20|    0|
    |mul_7s_32s_39_1_1_U68           |mul_7s_32s_39_1_1            |        0|   0|  0|  20|    0|
    |mul_8s_32s_40_1_1_U5            |mul_8s_32s_40_1_1            |        0|   0|  0|  20|    0|
    |mul_8s_32s_40_1_1_U6            |mul_8s_32s_40_1_1            |        0|   0|  0|  20|    0|
    |mul_8s_32s_40_1_1_U7            |mul_8s_32s_40_1_1            |        0|   0|  0|  20|    0|
    |mul_8s_32s_40_1_1_U8            |mul_8s_32s_40_1_1            |        0|   0|  0|  20|    0|
    |mul_8s_32s_40_1_1_U9            |mul_8s_32s_40_1_1            |        0|   0|  0|  20|    0|
    |mul_8s_32s_40_1_1_U10           |mul_8s_32s_40_1_1            |        0|   0|  0|  20|    0|
    |mul_8s_32s_40_1_1_U11           |mul_8s_32s_40_1_1            |        0|   0|  0|  20|    0|
    |mul_8s_32s_40_1_1_U13           |mul_8s_32s_40_1_1            |        0|   0|  0|  20|    0|
    |mul_8s_32s_40_1_1_U14           |mul_8s_32s_40_1_1            |        0|   0|  0|  20|    0|
    |mul_8s_32s_40_1_1_U16           |mul_8s_32s_40_1_1            |        0|   0|  0|  20|    0|
    |mul_8s_32s_40_1_1_U19           |mul_8s_32s_40_1_1            |        0|   0|  0|  20|    0|
    |mul_8s_32s_40_1_1_U20           |mul_8s_32s_40_1_1            |        0|   0|  0|  20|    0|
    |mul_8s_32s_40_1_1_U21           |mul_8s_32s_40_1_1            |        0|   0|  0|  20|    0|
    |mul_8s_32s_40_1_1_U22           |mul_8s_32s_40_1_1            |        0|   0|  0|  20|    0|
    |mul_8s_32s_40_1_1_U23           |mul_8s_32s_40_1_1            |        0|   0|  0|  20|    0|
    |mul_8s_32s_40_1_1_U24           |mul_8s_32s_40_1_1            |        0|   0|  0|  20|    0|
    |mul_8s_32s_40_1_1_U26           |mul_8s_32s_40_1_1            |        0|   0|  0|  20|    0|
    |mul_8s_32s_40_1_1_U28           |mul_8s_32s_40_1_1            |        0|   0|  0|  20|    0|
    |mul_8s_32s_40_1_1_U29           |mul_8s_32s_40_1_1            |        0|   0|  0|  20|    0|
    |mul_8s_32s_40_1_1_U30           |mul_8s_32s_40_1_1            |        0|   0|  0|  20|    0|
    |mul_8s_32s_40_1_1_U31           |mul_8s_32s_40_1_1            |        0|   0|  0|  20|    0|
    |mul_8s_32s_40_1_1_U32           |mul_8s_32s_40_1_1            |        0|   0|  0|  20|    0|
    |mul_8s_32s_40_1_1_U34           |mul_8s_32s_40_1_1            |        0|   0|  0|  20|    0|
    |mul_8s_32s_40_1_1_U35           |mul_8s_32s_40_1_1            |        0|   0|  0|  20|    0|
    |mul_8s_32s_40_1_1_U36           |mul_8s_32s_40_1_1            |        0|   0|  0|  20|    0|
    |mul_8s_32s_40_1_1_U38           |mul_8s_32s_40_1_1            |        0|   0|  0|  20|    0|
    |mul_8s_32s_40_1_1_U39           |mul_8s_32s_40_1_1            |        0|   0|  0|  20|    0|
    |mul_8s_32s_40_1_1_U41           |mul_8s_32s_40_1_1            |        0|   0|  0|  20|    0|
    |mul_8s_32s_40_1_1_U42           |mul_8s_32s_40_1_1            |        0|   0|  0|  20|    0|
    |mul_8s_32s_40_1_1_U45           |mul_8s_32s_40_1_1            |        0|   0|  0|  20|    0|
    |mul_8s_32s_40_1_1_U46           |mul_8s_32s_40_1_1            |        0|   0|  0|  20|    0|
    |mul_8s_32s_40_1_1_U47           |mul_8s_32s_40_1_1            |        0|   0|  0|  20|    0|
    |mul_8s_32s_40_1_1_U52           |mul_8s_32s_40_1_1            |        0|   0|  0|  20|    0|
    |mul_8s_32s_40_1_1_U53           |mul_8s_32s_40_1_1            |        0|   0|  0|  20|    0|
    |mul_8s_32s_40_1_1_U54           |mul_8s_32s_40_1_1            |        0|   0|  0|  20|    0|
    |mul_8s_32s_40_1_1_U55           |mul_8s_32s_40_1_1            |        0|   0|  0|  20|    0|
    |mul_8s_32s_40_1_1_U56           |mul_8s_32s_40_1_1            |        0|   0|  0|  20|    0|
    |mul_8s_32s_40_1_1_U57           |mul_8s_32s_40_1_1            |        0|   0|  0|  20|    0|
    |mul_8s_32s_40_1_1_U58           |mul_8s_32s_40_1_1            |        0|   0|  0|  20|    0|
    |mul_8s_32s_40_1_1_U60           |mul_8s_32s_40_1_1            |        0|   0|  0|  20|    0|
    |mul_8s_32s_40_1_1_U61           |mul_8s_32s_40_1_1            |        0|   0|  0|  20|    0|
    |mul_8s_32s_40_1_1_U63           |mul_8s_32s_40_1_1            |        0|   0|  0|  20|    0|
    |mul_8s_32s_40_1_1_U64           |mul_8s_32s_40_1_1            |        0|   0|  0|  20|    0|
    |mul_8s_32s_40_1_1_U65           |mul_8s_32s_40_1_1            |        0|   0|  0|  20|    0|
    |mul_8s_32s_40_1_1_U66           |mul_8s_32s_40_1_1            |        0|   0|  0|  20|    0|
    |mul_8s_32s_40_1_1_U67           |mul_8s_32s_40_1_1            |        0|   0|  0|  20|    0|
    |mul_8s_32s_40_1_1_U69           |mul_8s_32s_40_1_1            |        0|   0|  0|  20|    0|
    +--------------------------------+-----------------------------+---------+----+---+----+-----+
    |Total                           |                             |        0|   0|  0|1340|    0|
    +--------------------------------+-----------------------------+---------+----+---+----+-----+

    * DSP: 
    N/A

    * Memory: 
    +----------------------------+--------------------------+---------+----+----+-----+-------+-----+------+-------------+
    |           Memory           |          Module          | BRAM_18K| FF | LUT| URAM| Words | Bits| Banks| W*Bits*Banks|
    +----------------------------+--------------------------+---------+----+----+-----+-------+-----+------+-------------+
    |fp_input_img_V_U            |fp_input_img_V            |        1|   0|   0|    0|    400|   32|     1|        12800|
    |layer3_weights_V_0_U        |layer3_weights_V_0        |        0|   8|   1|    0|      5|    8|     1|           40|
    |layer3_weights_V_1_U        |layer3_weights_V_1        |        0|   8|   1|    0|      5|    8|     1|           40|
    |layer3_weights_V_10_U       |layer3_weights_V_10       |        0|   8|   1|    0|      5|    8|     1|           40|
    |layer3_weights_V_11_U       |layer3_weights_V_11       |        0|   7|   1|    0|      5|    7|     1|           35|
    |layer3_weights_V_12_U       |layer3_weights_V_12       |        0|   7|   1|    0|      5|    7|     1|           35|
    |layer3_weights_V_13_U       |layer3_weights_V_13       |        0|   8|   1|    0|      5|    8|     1|           40|
    |layer3_weights_V_14_U       |layer3_weights_V_14       |        0|   8|   1|    0|      5|    8|     1|           40|
    |layer3_weights_V_15_U       |layer3_weights_V_15       |        0|   8|   1|    0|      5|    8|     1|           40|
    |layer3_weights_V_16_U       |layer3_weights_V_16       |        0|   8|   1|    0|      5|    8|     1|           40|
    |layer3_weights_V_17_U       |layer3_weights_V_17       |        0|   8|   1|    0|      5|    8|     1|           40|
    |layer3_weights_V_18_U       |layer3_weights_V_18       |        0|   8|   1|    0|      5|    8|     1|           40|
    |layer3_weights_V_19_U       |layer3_weights_V_19       |        0|   7|   1|    0|      5|    7|     1|           35|
    |layer3_weights_V_2_U        |layer3_weights_V_2        |        0|   8|   1|    0|      5|    8|     1|           40|
    |layer3_weights_V_20_U       |layer3_weights_V_20       |        0|   8|   1|    0|      5|    8|     1|           40|
    |layer3_weights_V_21_U       |layer3_weights_V_21       |        0|   7|   1|    0|      5|    7|     1|           35|
    |layer3_weights_V_22_U       |layer3_weights_V_22       |        0|   8|   1|    0|      5|    8|     1|           40|
    |layer3_weights_V_23_U       |layer3_weights_V_23       |        0|   8|   1|    0|      5|    8|     1|           40|
    |layer3_weights_V_24_U       |layer3_weights_V_24       |        0|   8|   1|    0|      5|    8|     1|           40|
    |layer3_weights_V_25_U       |layer3_weights_V_25       |        0|   8|   1|    0|      5|    8|     1|           40|
    |layer3_weights_V_26_U       |layer3_weights_V_26       |        0|   8|   1|    0|      5|    8|     1|           40|
    |layer3_weights_V_27_U       |layer3_weights_V_27       |        0|   7|   1|    0|      5|    7|     1|           35|
    |layer3_weights_V_28_U       |layer3_weights_V_28       |        0|   8|   1|    0|      5|    8|     1|           40|
    |layer3_weights_V_29_U       |layer3_weights_V_29       |        0|   8|   1|    0|      5|    8|     1|           40|
    |layer3_weights_V_3_U        |layer3_weights_V_3        |        0|   8|   1|    0|      5|    8|     1|           40|
    |layer3_weights_V_30_U       |layer3_weights_V_30       |        0|   8|   1|    0|      5|    8|     1|           40|
    |layer3_weights_V_31_U       |layer3_weights_V_31       |        0|   7|   1|    0|      5|    7|     1|           35|
    |layer3_weights_V_32_U       |layer3_weights_V_32       |        0|   8|   1|    0|      5|    8|     1|           40|
    |layer3_weights_V_33_U       |layer3_weights_V_33       |        0|   8|   1|    0|      5|    8|     1|           40|
    |layer3_weights_V_34_U       |layer3_weights_V_34       |        0|   7|   1|    0|      5|    7|     1|           35|
    |layer3_weights_V_35_U       |layer3_weights_V_35       |        0|   8|   1|    0|      5|    8|     1|           40|
    |layer3_weights_V_36_U       |layer3_weights_V_36       |        0|   8|   1|    0|      5|    8|     1|           40|
    |layer3_weights_V_37_U       |layer3_weights_V_37       |        0|   7|   1|    0|      5|    7|     1|           35|
    |layer3_weights_V_38_U       |layer3_weights_V_38       |        0|   7|   1|    0|      5|    7|     1|           35|
    |layer3_weights_V_39_U       |layer3_weights_V_39       |        0|   8|   1|    0|      5|    8|     1|           40|
    |layer3_weights_V_4_U        |layer3_weights_V_4        |        0|   8|   1|    0|      5|    8|     1|           40|
    |layer3_weights_V_40_U       |layer3_weights_V_40       |        0|   8|   1|    0|      5|    8|     1|           40|
    |layer3_weights_V_41_U       |layer3_weights_V_41       |        0|   8|   1|    0|      5|    8|     1|           40|
    |layer3_weights_V_42_U       |layer3_weights_V_42       |        0|   7|   1|    0|      5|    7|     1|           35|
    |layer3_weights_V_43_U       |layer3_weights_V_43       |        0|   7|   1|    0|      5|    7|     1|           35|
    |layer3_weights_V_44_U       |layer3_weights_V_44       |        0|   7|   1|    0|      5|    7|     1|           35|
    |layer3_weights_V_45_U       |layer3_weights_V_45       |        0|   7|   1|    0|      5|    7|     1|           35|
    |layer3_weights_V_46_U       |layer3_weights_V_46       |        0|   8|   1|    0|      5|    8|     1|           40|
    |layer3_weights_V_47_U       |layer3_weights_V_47       |        0|   8|   1|    0|      5|    8|     1|           40|
    |layer3_weights_V_48_U       |layer3_weights_V_48       |        0|   8|   1|    0|      5|    8|     1|           40|
    |layer3_weights_V_49_U       |layer3_weights_V_49       |        0|   8|   1|    0|      5|    8|     1|           40|
    |layer3_weights_V_5_U        |layer3_weights_V_5        |        0|   8|   1|    0|      5|    8|     1|           40|
    |layer3_weights_V_50_U       |layer3_weights_V_50       |        0|   8|   1|    0|      5|    8|     1|           40|
    |layer3_weights_V_51_U       |layer3_weights_V_51       |        0|   8|   1|    0|      5|    8|     1|           40|
    |layer3_weights_V_52_U       |layer3_weights_V_52       |        0|   8|   1|    0|      5|    8|     1|           40|
    |layer3_weights_V_53_U       |layer3_weights_V_53       |        0|   7|   1|    0|      5|    7|     1|           35|
    |layer3_weights_V_54_U       |layer3_weights_V_54       |        0|   8|   1|    0|      5|    8|     1|           40|
    |layer3_weights_V_55_U       |layer3_weights_V_55       |        0|   8|   1|    0|      5|    8|     1|           40|
    |layer3_weights_V_56_U       |layer3_weights_V_56       |        0|   7|   1|    0|      5|    7|     1|           35|
    |layer3_weights_V_57_U       |layer3_weights_V_57       |        0|   8|   1|    0|      5|    8|     1|           40|
    |layer3_weights_V_58_U       |layer3_weights_V_58       |        0|   8|   1|    0|      5|    8|     1|           40|
    |layer3_weights_V_59_U       |layer3_weights_V_59       |        0|   8|   1|    0|      5|    8|     1|           40|
    |layer3_weights_V_6_U        |layer3_weights_V_6        |        0|   7|   1|    0|      5|    7|     1|           35|
    |layer3_weights_V_60_U       |layer3_weights_V_60       |        0|   8|   1|    0|      5|    8|     1|           40|
    |layer3_weights_V_61_U       |layer3_weights_V_61       |        0|   8|   1|    0|      5|    8|     1|           40|
    |layer3_weights_V_62_U       |layer3_weights_V_62       |        0|   7|   1|    0|      5|    7|     1|           35|
    |layer3_weights_V_63_U       |layer3_weights_V_63       |        0|   8|   1|    0|      5|    8|     1|           40|
    |layer3_weights_V_7_U        |layer3_weights_V_7        |        0|   8|   1|    0|      5|    8|     1|           40|
    |layer3_weights_V_8_U        |layer3_weights_V_8        |        0|   8|   1|    0|      5|    8|     1|           40|
    |layer3_weights_V_9_U        |layer3_weights_V_9        |        0|   7|   1|    0|      5|    7|     1|           35|
    |temp_output2_0_V_U          |temp_output2_0_V          |        2|   0|   0|    0|     64|   32|     1|         2048|
    |temp_output3_0_V_U          |temp_output3_0_V          |        0|  64|   3|    0|      5|   32|     1|          160|
    |temp_output_0_V_U           |temp_output_0_V           |        1|   0|   0|    0|    128|   32|     1|         4096|
    |weights_layer1_weights_V_U  |weights_layer1_weights_V  |       24|   0|   0|    0|  51200|    7|     1|       358400|
    |weights_layer2_weights_V_U  |weights_layer2_weights_V  |        4|   0|   0|    0|   8192|    8|     1|        65536|
    +----------------------------+--------------------------+---------+----+----+-----+-------+-----+------+-------------+
    |Total                       |                          |       32| 558|  67|    0|  60309|  637|    70|       445510|
    +----------------------------+--------------------------+---------+----+----+-----+-------+-----+------+-------------+

    * FIFO: 
    N/A

    * Expression: 
    +---------------------------+----------+----+---+-----+------------+------------+
    |       Variable Name       | Operation| DSP| FF| LUT | Bitwidth P0| Bitwidth P1|
    +---------------------------+----------+----+---+-----+------------+------------+
    |add_ln109_fu_5754_p2       |         +|   0|  0|   10|           3|           1|
    |add_ln1118_1_fu_3009_p2    |         +|   0|  0|   20|          13|          13|
    |add_ln1118_fu_2523_p2      |         +|   0|  0|   23|          16|          16|
    |add_ln1192_10_fu_4002_p2   |         +|   0|  0|   47|          40|          40|
    |add_ln1192_11_fu_4039_p2   |         +|   0|  0|   47|          40|          40|
    |add_ln1192_12_fu_4089_p2   |         +|   0|  0|   47|          40|          40|
    |add_ln1192_13_fu_4112_p2   |         +|   0|  0|   47|          40|          40|
    |add_ln1192_14_fu_4135_p2   |         +|   0|  0|   47|          40|          40|
    |add_ln1192_15_fu_4167_p2   |         +|   0|  0|   47|          40|          40|
    |add_ln1192_16_fu_4200_p2   |         +|   0|  0|   47|          40|          40|
    |add_ln1192_17_fu_4250_p2   |         +|   0|  0|   47|          40|          40|
    |add_ln1192_18_fu_4276_p2   |         +|   0|  0|   47|          40|          40|
    |add_ln1192_19_fu_4300_p2   |         +|   0|  0|   47|          40|          40|
    |add_ln1192_1_fu_3701_p2    |         +|   0|  0|   47|          40|          40|
    |add_ln1192_20_fu_4336_p2   |         +|   0|  0|   47|          40|          40|
    |add_ln1192_21_fu_4369_p2   |         +|   0|  0|   47|          40|          40|
    |add_ln1192_22_fu_4419_p2   |         +|   0|  0|   47|          40|          40|
    |add_ln1192_23_fu_4442_p2   |         +|   0|  0|   47|          40|          40|
    |add_ln1192_24_fu_4465_p2   |         +|   0|  0|   47|          40|          40|
    |add_ln1192_25_fu_4497_p2   |         +|   0|  0|   47|          40|          40|
    |add_ln1192_26_fu_4534_p2   |         +|   0|  0|   47|          40|          40|
    |add_ln1192_27_fu_4584_p2   |         +|   0|  0|   47|          40|          40|
    |add_ln1192_28_fu_4607_p2   |         +|   0|  0|   47|          40|          40|
    |add_ln1192_29_fu_4630_p2   |         +|   0|  0|   47|          40|          40|
    |add_ln1192_2_fu_3751_p2    |         +|   0|  0|   47|          40|          40|
    |add_ln1192_30_fu_4666_p2   |         +|   0|  0|   47|          40|          40|
    |add_ln1192_31_fu_4699_p2   |         +|   0|  0|   47|          40|          40|
    |add_ln1192_32_fu_4749_p2   |         +|   0|  0|   47|          40|          40|
    |add_ln1192_33_fu_4775_p2   |         +|   0|  0|   47|          40|          40|
    |add_ln1192_34_fu_4799_p2   |         +|   0|  0|   47|          40|          40|
    |add_ln1192_35_fu_4831_p2   |         +|   0|  0|   47|          40|          40|
    |add_ln1192_36_fu_4868_p2   |         +|   0|  0|   47|          40|          40|
    |add_ln1192_37_fu_4921_p2   |         +|   0|  0|   47|          40|          40|
    |add_ln1192_38_fu_4945_p2   |         +|   0|  0|   47|          40|          40|
    |add_ln1192_39_fu_4968_p2   |         +|   0|  0|   47|          40|          40|
    |add_ln1192_3_fu_3774_p2    |         +|   0|  0|   47|          40|          40|
    |add_ln1192_40_fu_5000_p2   |         +|   0|  0|   47|          40|          40|
    |add_ln1192_41_fu_5037_p2   |         +|   0|  0|   47|          40|          40|
    |add_ln1192_42_fu_5090_p2   |         +|   0|  0|   47|          40|          40|
    |add_ln1192_43_fu_5117_p2   |         +|   0|  0|   47|          40|          40|
    |add_ln1192_44_fu_5144_p2   |         +|   0|  0|   47|          40|          40|
    |add_ln1192_45_fu_5177_p2   |         +|   0|  0|   47|          40|          40|
    |add_ln1192_46_fu_5210_p2   |         +|   0|  0|   47|          40|          40|
    |add_ln1192_47_fu_5260_p2   |         +|   0|  0|   47|          40|          40|
    |add_ln1192_48_fu_5283_p2   |         +|   0|  0|   47|          40|          40|
    |add_ln1192_49_fu_5306_p2   |         +|   0|  0|   47|          40|          40|
    |add_ln1192_4_fu_3797_p2    |         +|   0|  0|   47|          40|          40|
    |add_ln1192_50_fu_5338_p2   |         +|   0|  0|   47|          40|          40|
    |add_ln1192_51_fu_5371_p2   |         +|   0|  0|   47|          40|          40|
    |add_ln1192_52_fu_5424_p2   |         +|   0|  0|   47|          40|          40|
    |add_ln1192_53_fu_5448_p2   |         +|   0|  0|   47|          40|          40|
    |add_ln1192_54_fu_5471_p2   |         +|   0|  0|   47|          40|          40|
    |add_ln1192_55_fu_5507_p2   |         +|   0|  0|   47|          40|          40|
    |add_ln1192_56_fu_5540_p2   |         +|   0|  0|   47|          40|          40|
    |add_ln1192_57_fu_5581_p2   |         +|   0|  0|   47|          40|          40|
    |add_ln1192_58_fu_5604_p2   |         +|   0|  0|   47|          40|          40|
    |add_ln1192_59_fu_5636_p2   |         +|   0|  0|   47|          40|          40|
    |add_ln1192_5_fu_3833_p2    |         +|   0|  0|   47|          40|          40|
    |add_ln1192_60_fu_5669_p2   |         +|   0|  0|   47|          40|          40|
    |add_ln1192_61_fu_5704_p2   |         +|   0|  0|   47|          40|          40|
    |add_ln1192_62_fu_5737_p2   |         +|   0|  0|   47|          40|          40|
    |add_ln1192_6_fu_3866_p2    |         +|   0|  0|   47|          40|          40|
    |add_ln1192_7_fu_3916_p2    |         +|   0|  0|   47|          40|          40|
    |add_ln1192_8_fu_3942_p2    |         +|   0|  0|   47|          40|          40|
    |add_ln1192_9_fu_3966_p2    |         +|   0|  0|   47|          40|          40|
    |add_ln1192_fu_3668_p2      |         +|   0|  0|   47|          40|          40|
    |add_ln21_fu_2444_p2        |         +|   0|  0|   15|           8|           1|
    |add_ln25_fu_2470_p2        |         +|   0|  0|   16|           9|           2|
    |add_ln40_1_fu_2948_p2      |         +|   0|  0|   21|          14|           1|
    |add_ln40_fu_2960_p2        |         +|   0|  0|   14|           7|           1|
    |add_ln44_fu_3020_p2        |         +|   0|  0|   15|           8|           1|
    |add_ln581_fu_2253_p2       |         +|   0|  0|   19|          12|           5|
    |add_ln59_fu_3610_p2        |         +|   0|  0|   10|           3|           1|
    |add_ln5_fu_2156_p2         |         +|   0|  0|   16|           9|           1|
    |add_ln77_fu_2613_p2        |         +|   0|  0|   15|           8|           1|
    |add_ln908_1_fu_3252_p2     |         +|   0|  0|   39|          32|           7|
    |add_ln908_fu_2784_p2       |         +|   0|  0|   39|          32|           7|
    |add_ln915_1_fu_3354_p2     |         +|   0|  0|   17|          11|          11|
    |add_ln915_fu_2886_p2       |         +|   0|  0|   17|          11|          11|
    |add_ln92_fu_3081_p2        |         +|   0|  0|   14|           7|           1|
    |lsb_index_1_fu_3150_p2     |         +|   0|  0|   39|          32|           7|
    |lsb_index_fu_2682_p2       |         +|   0|  0|   39|          32|           7|
    |m_3_fu_2845_p2             |         +|   0|  0|   71|          64|          64|
    |m_5_fu_3313_p2             |         +|   0|  0|   71|          64|          64|
    |ret_V_1_fu_2597_p2         |         +|   0|  0|   47|          40|          40|
    |ret_V_2_fu_3061_p2         |         +|   0|  0|   47|          40|          40|
    |ret_V_4_fu_5833_p2         |         +|   0|  0|   31|          24|           1|
    |ret_V_fu_2557_p2           |         +|   0|  0|   47|          40|          40|
    |F2_fu_2218_p2              |         -|   0|  0|   19|          11|          12|
    |man_V_1_fu_2235_p2         |         -|   0|  0|   61|           1|          54|
    |sub_ln581_fu_2258_p2       |         -|   0|  0|   19|           4|          12|
    |sub_ln894_1_fu_3144_p2     |         -|   0|  0|   39|           6|          32|
    |sub_ln894_fu_2676_p2       |         -|   0|  0|   39|           6|          32|
    |sub_ln897_1_fu_3176_p2     |         -|   0|  0|   13|           5|           6|
    |sub_ln897_fu_2708_p2       |         -|   0|  0|   13|           5|           6|
    |sub_ln909_1_fu_3264_p2     |         -|   0|  0|   39|           6|          32|
    |sub_ln909_fu_2796_p2       |         -|   0|  0|   39|           6|          32|
    |sub_ln915_1_fu_3349_p2     |         -|   0|  0|   17|           5|          11|
    |sub_ln915_fu_2881_p2       |         -|   0|  0|   17|           5|          11|
    |tmp_V_2_fu_3112_p2         |         -|   0|  0|   39|           1|          32|
    |tmp_V_fu_2644_p2           |         -|   0|  0|   39|           1|          32|
    |and_ln1506_1_fu_3410_p2    |       and|   0|  0|    2|           1|           1|
    |and_ln1506_fu_2942_p2      |       and|   0|  0|    2|           1|           1|
    |and_ln581_fu_2357_p2       |       and|   0|  0|    2|           1|           1|
    |and_ln582_fu_2340_p2       |       and|   0|  0|    2|           1|           1|
    |and_ln585_fu_2369_p2       |       and|   0|  0|    2|           1|           1|
    |and_ln603_fu_2387_p2       |       and|   0|  0|    2|           1|           1|
    |and_ln899_1_fu_2790_p2     |       and|   0|  0|    2|           1|           1|
    |and_ln899_2_fu_3204_p2     |       and|   0|  0|   32|          32|          32|
    |and_ln899_3_fu_3258_p2     |       and|   0|  0|    2|           1|           1|
    |and_ln899_fu_2736_p2       |       and|   0|  0|   32|          32|          32|
    |ashr_ln586_fu_2304_p2      |      ashr|   0|  0|  159|          54|          54|
    |icmp_ln109_fu_5760_p2      |      icmp|   0|  0|    8|           3|           3|
    |icmp_ln1494_fu_5771_p2     |      icmp|   0|  0|   20|          32|          32|
    |icmp_ln1506_1_fu_2932_p2   |      icmp|   0|  0|   24|          52|           1|
    |icmp_ln1506_2_fu_3394_p2   |      icmp|   0|  0|   11|          11|           2|
    |icmp_ln1506_3_fu_3400_p2   |      icmp|   0|  0|   24|          52|           1|
    |icmp_ln1506_fu_2926_p2     |      icmp|   0|  0|   11|          11|           2|
    |icmp_ln21_fu_2450_p2       |      icmp|   0|  0|   11|           8|           9|
    |icmp_ln25_fu_2464_p2       |      icmp|   0|  0|   11|           9|           8|
    |icmp_ln40_fu_2954_p2       |      icmp|   0|  0|   12|          14|          15|
    |icmp_ln44_fu_2966_p2       |      icmp|   0|  0|   11|           8|           9|
    |icmp_ln571_fu_2212_p2      |      icmp|   0|  0|   28|          63|           1|
    |icmp_ln581_fu_2248_p2      |      icmp|   0|  0|   12|          12|           4|
    |icmp_ln582_fu_2275_p2      |      icmp|   0|  0|   12|          12|           4|
    |icmp_ln585_fu_2363_p2      |      icmp|   0|  0|   12|          12|           6|
    |icmp_ln59_fu_3616_p2       |      icmp|   0|  0|    8|           3|           3|
    |icmp_ln5_fu_2162_p2        |      icmp|   0|  0|   11|           9|           8|
    |icmp_ln603_fu_2294_p2      |      icmp|   0|  0|   10|           7|           1|
    |icmp_ln77_fu_2619_p2       |      icmp|   0|  0|   11|           8|           9|
    |icmp_ln851_fu_5827_p2      |      icmp|   0|  0|   11|           8|           1|
    |icmp_ln885_1_fu_3098_p2    |      icmp|   0|  0|   20|          32|           1|
    |icmp_ln885_fu_2630_p2      |      icmp|   0|  0|   20|          32|           1|
    |icmp_ln896_1_fu_3166_p2    |      icmp|   0|  0|   19|          31|           1|
    |icmp_ln896_fu_2698_p2      |      icmp|   0|  0|   19|          31|           1|
    |icmp_ln899_1_fu_3210_p2    |      icmp|   0|  0|   20|          32|           1|
    |icmp_ln899_fu_2742_p2      |      icmp|   0|  0|   20|          32|           1|
    |icmp_ln908_1_fu_3238_p2    |      icmp|   0|  0|   20|          32|           1|
    |icmp_ln908_fu_2770_p2      |      icmp|   0|  0|   20|          32|           1|
    |icmp_ln92_fu_3087_p2       |      icmp|   0|  0|   11|           7|           8|
    |ifzero_fu_3026_p2          |      icmp|   0|  0|   11|           8|           9|
    |lshr_ln897_1_fu_3186_p2    |      lshr|   0|  0|  100|           2|          32|
    |lshr_ln897_fu_2718_p2      |      lshr|   0|  0|  100|           2|          32|
    |lshr_ln908_1_fu_3288_p2    |      lshr|   0|  0|  179|          64|          64|
    |lshr_ln908_fu_2820_p2      |      lshr|   0|  0|  179|          64|          64|
    |or_ln1506_1_fu_3406_p2     |        or|   0|  0|    2|           1|           1|
    |or_ln1506_fu_2938_p2       |        or|   0|  0|    2|           1|           1|
    |or_ln25_fu_2504_p2         |        or|   0|  0|    9|           9|           1|
    |or_ln571_1_fu_2429_p2      |        or|   0|  0|    2|           1|           1|
    |or_ln571_fu_2400_p2        |        or|   0|  0|    2|           1|           1|
    |or_ln581_fu_2375_p2        |        or|   0|  0|    2|           1|           1|
    |or_ln582_fu_2346_p2        |        or|   0|  0|    2|           1|           1|
    |or_ln899_2_fu_2730_p2      |        or|   0|  0|   32|          32|          32|
    |or_ln899_fu_3198_p2        |        or|   0|  0|   32|          32|          32|
    |m_2_fu_2835_p3             |    select|   0|  0|   56|           1|          64|
    |m_4_fu_3303_p3             |    select|   0|  0|   56|           1|          64|
    |man_V_2_fu_2241_p3         |    select|   0|  0|   53|           1|          54|
    |max_idx_V_1_fu_5797_p3     |    select|   0|  0|   32|           1|          32|
    |max_val_V_1_fu_5777_p3     |    select|   0|  0|   32|           1|          32|
    |ret_V_6_fu_5847_p3         |    select|   0|  0|   24|           1|          24|
    |select_ln40_1_fu_2980_p3   |    select|   0|  0|    7|           1|           7|
    |select_ln40_2_fu_3046_p3   |    select|   0|  0|   32|           1|           1|
    |select_ln40_fu_2972_p3     |    select|   0|  0|    8|           1|           1|
    |select_ln571_1_fu_2405_p3  |    select|   0|  0|   32|           1|          32|
    |select_ln571_2_fu_2413_p3  |    select|   0|  0|   32|           1|          32|
    |select_ln571_3_fu_2421_p3  |    select|   0|  0|   32|           1|          32|
    |select_ln571_4_fu_2435_p3  |    select|   0|  0|   32|           1|          32|
    |select_ln571_fu_2393_p3    |    select|   0|  0|   32|           1|           1|
    |select_ln588_fu_2321_p3    |    select|   0|  0|    2|           1|           2|
    |select_ln850_fu_5839_p3    |    select|   0|  0|   24|           1|          24|
    |select_ln893_1_fu_3341_p3  |    select|   0|  0|    9|           1|          10|
    |select_ln893_fu_2873_p3    |    select|   0|  0|    9|           1|          10|
    |select_ln896_1_fu_3244_p3  |    select|   0|  0|    2|           1|           1|
    |select_ln896_fu_2776_p3    |    select|   0|  0|    2|           1|           1|
    |select_ln908_2_fu_3270_p3  |    select|   0|  0|    2|           1|           1|
    |select_ln908_fu_2802_p3    |    select|   0|  0|    2|           1|           1|
    |sh_amt_fu_2263_p3          |    select|   0|  0|   12|           1|          12|
    |tmp_V_4_fu_2650_p3         |    select|   0|  0|   32|           1|          32|
    |tmp_V_5_fu_3118_p3         |    select|   0|  0|   32|           1|          32|
    |shl_ln604_fu_2329_p2       |       shl|   0|  0|  100|          32|          32|
    |shl_ln899_1_fu_3192_p2     |       shl|   0|  0|  100|           1|          32|
    |shl_ln899_fu_2724_p2       |       shl|   0|  0|  100|           1|          32|
    |shl_ln909_1_fu_3297_p2     |       shl|   0|  0|  179|          64|          64|
    |shl_ln909_fu_2829_p2       |       shl|   0|  0|  179|          64|          64|
    |ap_enable_pp0              |       xor|   0|  0|    2|           1|           2|
    |ap_enable_pp1              |       xor|   0|  0|    2|           1|           2|
    |ap_enable_pp2              |       xor|   0|  0|    2|           1|           2|
    |ap_enable_pp3              |       xor|   0|  0|    2|           1|           2|
    |ap_enable_pp4              |       xor|   0|  0|    2|           1|           2|
    |ap_enable_pp5              |       xor|   0|  0|    2|           1|           2|
    |ap_enable_pp6              |       xor|   0|  0|    2|           1|           2|
    |ap_enable_reg_pp0_iter1    |       xor|   0|  0|    2|           2|           1|
    |ap_enable_reg_pp2_iter1    |       xor|   0|  0|    2|           2|           1|
    |ap_enable_reg_pp3_iter1    |       xor|   0|  0|    2|           2|           1|
    |ap_enable_reg_pp4_iter1    |       xor|   0|  0|    2|           2|           1|
    |ap_enable_reg_pp5_iter1    |       xor|   0|  0|    2|           2|           1|
    |xor_ln571_fu_2335_p2       |       xor|   0|  0|    2|           1|           2|
    |xor_ln581_fu_2381_p2       |       xor|   0|  0|    2|           1|           2|
    |xor_ln582_fu_2351_p2       |       xor|   0|  0|    2|           1|           2|
    |xor_ln899_1_fu_3224_p2     |       xor|   0|  0|    2|           1|           2|
    |xor_ln899_fu_2756_p2       |       xor|   0|  0|    2|           1|           2|
    +---------------------------+----------+----+---+-----+------------+------------+
    |Total                      |          |   0|  0| 6666|        4270|        4488|
    +---------------------------+----------+----+---+-----+------------+------------+

    * Multiplexer: 
    +-----------------------------------+-----+-----------+-----+-----------+
    |                Name               | LUT | Input Size| Bits| Total Bits|
    +-----------------------------------+-----+-----------+-----+-----------+
    |ap_NS_fsm                          |  222|         49|    1|         49|
    |ap_enable_reg_pp0_iter1            |    9|          2|    1|          2|
    |ap_enable_reg_pp0_iter3            |    9|          2|    1|          2|
    |ap_enable_reg_pp1_iter1            |    9|          2|    1|          2|
    |ap_enable_reg_pp1_iter2            |   14|          3|    1|          3|
    |ap_enable_reg_pp2_iter1            |    9|          2|    1|          2|
    |ap_enable_reg_pp2_iter3            |    9|          2|    1|          2|
    |ap_enable_reg_pp3_iter1            |    9|          2|    1|          2|
    |ap_enable_reg_pp3_iter2            |    9|          2|    1|          2|
    |ap_enable_reg_pp4_iter1            |    9|          2|    1|          2|
    |ap_enable_reg_pp4_iter3            |    9|          2|    1|          2|
    |ap_enable_reg_pp5_iter1            |    9|          2|    1|          2|
    |ap_enable_reg_pp5_iter14           |    9|          2|    1|          2|
    |ap_enable_reg_pp6_iter1            |    9|          2|    1|          2|
    |ap_phi_mux_i_3_phi_fu_2117_p4      |    9|          2|    3|          6|
    |ap_phi_mux_j_1_phi_fu_2061_p4      |    9|          2|    7|         14|
    |ap_phi_mux_k_1_phi_fu_2072_p4      |    9|          2|    8|         16|
    |ap_phi_mux_sum_V_5_phi_fu_2083_p4  |    9|          2|   32|         64|
    |fp_input_img_V_address0            |   20|          4|    9|         36|
    |fp_input_img_V_d0                  |   14|          3|   32|         96|
    |grp_fu_2151_p0                     |   14|          3|   64|        192|
    |i_1_reg_2035                       |    9|          2|    8|         16|
    |i_2_reg_2091                       |    9|          2|    7|         14|
    |i_3_reg_2113                       |    9|          2|    3|          6|
    |i_reg_1988                         |    9|          2|    9|         18|
    |indvar_flatten_reg_2046            |    9|          2|   14|         28|
    |j_1_reg_2057                       |    9|          2|    7|         14|
    |j_2_reg_2102                       |    9|          2|    3|          6|
    |j_reg_1999                         |    9|          2|    8|         16|
    |k_1_reg_2068                       |    9|          2|    8|         16|
    |k_reg_2011                         |    9|          2|    9|         18|
    |max_idx_V_reg_2125                 |    9|          2|   32|         64|
    |max_val_V_reg_2137                 |    9|          2|   32|         64|
    |sum_V_4_reg_2022                   |    9|          2|   32|         64|
    |sum_V_5_reg_2079                   |    9|          2|   32|         64|
    |temp_output2_0_V_address0          |  162|         36|    6|        216|
    |temp_output2_0_V_address1          |  155|         34|    6|        204|
    |temp_output2_0_V_d0                |   20|          4|   32|        128|
    |temp_output3_0_V_address0          |   20|          4|    3|         12|
    |temp_output3_0_V_d0                |   14|          3|   32|         96|
    |temp_output_0_V_address0           |   20|          4|    7|         28|
    |temp_output_0_V_address1           |   14|          3|    7|         21|
    |temp_output_0_V_d0                 |   20|          4|   32|        128|
    +-----------------------------------+-----+-----------+-----+-----------+
    |Total                              |  979|        214|  498|       1741|
    +-----------------------------------+-----+-----------+-----+-----------+

    * Register: 
    +------------------------------------------+----+----+-----+-----------+
    |                   Name                   | FF | LUT| Bits| Const Bits|
    +------------------------------------------+----+----+-----+-----------+
    |F2_reg_5906                               |  12|   0|   12|          0|
    |add_ln109_reg_7763                        |   3|   0|    3|          0|
    |add_ln21_reg_5919                         |   8|   0|    8|          0|
    |add_ln44_reg_6094                         |   8|   0|    8|          0|
    |add_ln908_1_reg_6143                      |  32|   0|   32|          0|
    |add_ln908_reg_6026                        |  32|   0|   32|          0|
    |ap_CS_fsm                                 |  48|   0|   48|          0|
    |ap_enable_reg_pp0_iter0                   |   1|   0|    1|          0|
    |ap_enable_reg_pp0_iter1                   |   1|   0|    1|          0|
    |ap_enable_reg_pp0_iter2                   |   1|   0|    1|          0|
    |ap_enable_reg_pp0_iter3                   |   1|   0|    1|          0|
    |ap_enable_reg_pp1_iter0                   |   1|   0|    1|          0|
    |ap_enable_reg_pp1_iter1                   |   1|   0|    1|          0|
    |ap_enable_reg_pp1_iter2                   |   1|   0|    1|          0|
    |ap_enable_reg_pp2_iter0                   |   1|   0|    1|          0|
    |ap_enable_reg_pp2_iter1                   |   1|   0|    1|          0|
    |ap_enable_reg_pp2_iter2                   |   1|   0|    1|          0|
    |ap_enable_reg_pp2_iter3                   |   1|   0|    1|          0|
    |ap_enable_reg_pp3_iter0                   |   1|   0|    1|          0|
    |ap_enable_reg_pp3_iter1                   |   1|   0|    1|          0|
    |ap_enable_reg_pp3_iter2                   |   1|   0|    1|          0|
    |ap_enable_reg_pp4_iter0                   |   1|   0|    1|          0|
    |ap_enable_reg_pp4_iter1                   |   1|   0|    1|          0|
    |ap_enable_reg_pp4_iter2                   |   1|   0|    1|          0|
    |ap_enable_reg_pp4_iter3                   |   1|   0|    1|          0|
    |ap_enable_reg_pp5_iter0                   |   1|   0|    1|          0|
    |ap_enable_reg_pp5_iter1                   |   1|   0|    1|          0|
    |ap_enable_reg_pp5_iter10                  |   1|   0|    1|          0|
    |ap_enable_reg_pp5_iter11                  |   1|   0|    1|          0|
    |ap_enable_reg_pp5_iter12                  |   1|   0|    1|          0|
    |ap_enable_reg_pp5_iter13                  |   1|   0|    1|          0|
    |ap_enable_reg_pp5_iter14                  |   1|   0|    1|          0|
    |ap_enable_reg_pp5_iter2                   |   1|   0|    1|          0|
    |ap_enable_reg_pp5_iter3                   |   1|   0|    1|          0|
    |ap_enable_reg_pp5_iter4                   |   1|   0|    1|          0|
    |ap_enable_reg_pp5_iter5                   |   1|   0|    1|          0|
    |ap_enable_reg_pp5_iter6                   |   1|   0|    1|          0|
    |ap_enable_reg_pp5_iter7                   |   1|   0|    1|          0|
    |ap_enable_reg_pp5_iter8                   |   1|   0|    1|          0|
    |ap_enable_reg_pp5_iter9                   |   1|   0|    1|          0|
    |ap_enable_reg_pp6_iter0                   |   1|   0|    1|          0|
    |ap_enable_reg_pp6_iter1                   |   1|   0|    1|          0|
    |i_1_reg_2035                              |   8|   0|    8|          0|
    |i_2_reg_2091                              |   7|   0|    7|          0|
    |i_3_reg_2113                              |   3|   0|    3|          0|
    |i_cast_reg_5868                           |   9|   0|   64|         55|
    |i_reg_1988                                |   9|   0|    9|          0|
    |icmp_ln109_reg_7768                       |   1|   0|    1|          0|
    |icmp_ln1506_1_reg_6056                    |   1|   0|    1|          0|
    |icmp_ln1506_2_reg_6168                    |   1|   0|    1|          0|
    |icmp_ln1506_3_reg_6173                    |   1|   0|    1|          0|
    |icmp_ln1506_reg_6051                      |   1|   0|    1|          0|
    |icmp_ln25_reg_5938                        |   1|   0|    1|          0|
    |icmp_ln25_reg_5938_pp1_iter1_reg          |   1|   0|    1|          0|
    |icmp_ln40_reg_6069                        |   1|   0|    1|          0|
    |icmp_ln40_reg_6069_pp3_iter1_reg          |   1|   0|    1|          0|
    |icmp_ln44_reg_6073                        |   1|   0|    1|          0|
    |icmp_ln571_reg_5898                       |   1|   0|    1|          0|
    |icmp_ln59_reg_7131                        |   1|   0|    1|          0|
    |icmp_ln5_reg_5864                         |   1|   0|    1|          0|
    |icmp_ln885_1_reg_6124                     |   1|   0|    1|          0|
    |icmp_ln885_1_reg_6124_pp4_iter2_reg       |   1|   0|    1|          0|
    |icmp_ln885_reg_6007                       |   1|   0|    1|          0|
    |icmp_ln885_reg_6007_pp2_iter2_reg         |   1|   0|    1|          0|
    |icmp_ln908_1_reg_6138                     |   1|   0|    1|          0|
    |icmp_ln908_reg_6021                       |   1|   0|    1|          0|
    |ifzero_reg_6099                           |   1|   0|    1|          0|
    |ifzero_reg_6099_pp3_iter1_reg             |   1|   0|    1|          0|
    |indvar_flatten_reg_2046                   |  14|   0|   14|          0|
    |input_img_load_reg_5878                   |  32|   0|   32|          0|
    |input_img_load_reg_5878_pp0_iter2_reg     |  32|   0|   32|          0|
    |j_1_reg_2057                              |   7|   0|    7|          0|
    |j_2_cast_reg_7135                         |   3|   0|   64|         61|
    |j_2_reg_2102                              |   3|   0|    3|          0|
    |j_reg_1999                                |   8|   0|    8|          0|
    |k_1_reg_2068                              |   8|   0|    8|          0|
    |k_reg_2011                                |   9|   0|    9|          0|
    |layer3_weights_V_62_load_reg_7748         |   7|   0|    7|          0|
    |max_idx_V_reg_2125                        |  32|   0|   32|          0|
    |max_val_V_reg_2137                        |  32|   0|   32|          0|
    |mul_ln1118_11_reg_7508                    |  39|   0|   39|          0|
    |mul_ln1118_13_reg_7543                    |  39|   0|   39|          0|
    |mul_ln1118_15_reg_7588                    |  39|   0|   39|          0|
    |mul_ln1118_16_reg_7598                    |  39|   0|   39|          0|
    |mul_ln1118_17_reg_7603                    |  39|   0|   39|          0|
    |mul_ln1118_18_reg_7678                    |  39|   0|   39|          0|
    |mul_ln1118_4_reg_7283                     |  39|   0|   39|          0|
    |mul_ln1118_7_reg_7373                     |  39|   0|   39|          0|
    |mul_ln703_10_reg_7333                     |  40|   0|   40|          0|
    |mul_ln703_13_reg_7363                     |  40|   0|   40|          0|
    |mul_ln703_14_reg_7378                     |  40|   0|   40|          0|
    |mul_ln703_16_reg_7408                     |  40|   0|   40|          0|
    |mul_ln703_17_reg_7418                     |  40|   0|   40|          0|
    |mul_ln703_18_reg_7423                     |  40|   0|   40|          0|
    |mul_ln703_20_reg_7453                     |  40|   0|   40|          0|
    |mul_ln703_21_reg_7463                     |  40|   0|   40|          0|
    |mul_ln703_22_reg_7468                     |  40|   0|   40|          0|
    |mul_ln703_24_reg_7498                     |  40|   0|   40|          0|
    |mul_ln703_25_reg_7513                     |  40|   0|   40|          0|
    |mul_ln703_27_reg_7553                     |  40|   0|   40|          0|
    |mul_ln703_28_reg_7558                     |  40|   0|   40|          0|
    |mul_ln703_2_reg_7228                      |  40|   0|   40|          0|
    |mul_ln703_32_reg_7633                     |  40|   0|   40|          0|
    |mul_ln703_33_reg_7643                     |  40|   0|   40|          0|
    |mul_ln703_34_reg_7648                     |  40|   0|   40|          0|
    |mul_ln703_37_reg_7688                     |  40|   0|   40|          0|
    |mul_ln703_38_reg_7693                     |  40|   0|   40|          0|
    |mul_ln703_3_reg_7238                      |  40|   0|   40|          0|
    |mul_ln703_40_reg_7718                     |  40|   0|   40|          0|
    |mul_ln703_41_reg_7728                     |  40|   0|   40|          0|
    |mul_ln703_4_reg_7243                      |  40|   0|   40|          0|
    |mul_ln703_6_reg_7273                      |  40|   0|   40|          0|
    |mul_ln703_7_reg_7288                      |  40|   0|   40|          0|
    |mul_ln703_8_reg_7318                      |  40|   0|   40|          0|
    |mul_ln703_9_reg_7328                      |  40|   0|   40|          0|
    |p_Result_10_reg_6011                      |   1|   0|    1|          0|
    |p_Result_14_reg_6128                      |   1|   0|    1|          0|
    |p_Result_8_reg_5888                       |   1|   0|    1|          0|
    |r_V_2_reg_5977                            |  32|   0|   32|          0|
    |r_V_reg_5967                              |  32|   0|   32|          0|
    |select_ln40_1_reg_6078                    |   7|   0|    7|          0|
    |select_ln40_1_reg_6078_pp3_iter1_reg      |   7|   0|    7|          0|
    |select_ln908_2_reg_6153                   |   1|   0|    1|          0|
    |select_ln908_reg_6036                     |   1|   0|    1|          0|
    |sext_ln1116_10_reg_6856                   |  40|   0|   40|          0|
    |sext_ln1116_11_reg_6861                   |  39|   0|   39|          0|
    |sext_ln1116_12_reg_6866                   |  39|   0|   39|          0|
    |sext_ln1116_13_reg_6871                   |  40|   0|   40|          0|
    |sext_ln1116_14_reg_6876                   |  40|   0|   40|          0|
    |sext_ln1116_15_reg_6881                   |  40|   0|   40|          0|
    |sext_ln1116_16_reg_6886                   |  40|   0|   40|          0|
    |sext_ln1116_17_reg_6891                   |  40|   0|   40|          0|
    |sext_ln1116_18_reg_6896                   |  40|   0|   40|          0|
    |sext_ln1116_19_reg_6901                   |  39|   0|   39|          0|
    |sext_ln1116_1_reg_6811                    |  40|   0|   40|          0|
    |sext_ln1116_20_reg_6906                   |  40|   0|   40|          0|
    |sext_ln1116_21_reg_6911                   |  39|   0|   39|          0|
    |sext_ln1116_22_reg_6916                   |  40|   0|   40|          0|
    |sext_ln1116_23_reg_6921                   |  40|   0|   40|          0|
    |sext_ln1116_24_reg_6926                   |  40|   0|   40|          0|
    |sext_ln1116_25_reg_6931                   |  40|   0|   40|          0|
    |sext_ln1116_26_reg_6936                   |  40|   0|   40|          0|
    |sext_ln1116_27_reg_6941                   |  39|   0|   39|          0|
    |sext_ln1116_28_reg_6946                   |  40|   0|   40|          0|
    |sext_ln1116_29_reg_6951                   |  40|   0|   40|          0|
    |sext_ln1116_2_reg_6816                    |  40|   0|   40|          0|
    |sext_ln1116_30_reg_6956                   |  40|   0|   40|          0|
    |sext_ln1116_31_reg_6961                   |  39|   0|   39|          0|
    |sext_ln1116_32_reg_6966                   |  40|   0|   40|          0|
    |sext_ln1116_33_reg_6971                   |  40|   0|   40|          0|
    |sext_ln1116_34_reg_6976                   |  39|   0|   39|          0|
    |sext_ln1116_35_reg_6981                   |  40|   0|   40|          0|
    |sext_ln1116_36_reg_6986                   |  40|   0|   40|          0|
    |sext_ln1116_37_reg_6991                   |  39|   0|   39|          0|
    |sext_ln1116_38_reg_6996                   |  39|   0|   39|          0|
    |sext_ln1116_39_reg_7001                   |  40|   0|   40|          0|
    |sext_ln1116_3_reg_6821                    |  40|   0|   40|          0|
    |sext_ln1116_40_reg_7006                   |  40|   0|   40|          0|
    |sext_ln1116_41_reg_7011                   |  40|   0|   40|          0|
    |sext_ln1116_42_reg_7016                   |  39|   0|   39|          0|
    |sext_ln1116_43_reg_7021                   |  39|   0|   39|          0|
    |sext_ln1116_44_reg_7026                   |  39|   0|   39|          0|
    |sext_ln1116_45_reg_7031                   |  39|   0|   39|          0|
    |sext_ln1116_46_reg_7036                   |  40|   0|   40|          0|
    |sext_ln1116_47_reg_7041                   |  40|   0|   40|          0|
    |sext_ln1116_48_reg_7046                   |  40|   0|   40|          0|
    |sext_ln1116_49_reg_7051                   |  40|   0|   40|          0|
    |sext_ln1116_4_reg_6826                    |  40|   0|   40|          0|
    |sext_ln1116_50_reg_7056                   |  40|   0|   40|          0|
    |sext_ln1116_51_reg_7061                   |  40|   0|   40|          0|
    |sext_ln1116_52_reg_7066                   |  40|   0|   40|          0|
    |sext_ln1116_53_reg_7071                   |  39|   0|   39|          0|
    |sext_ln1116_54_reg_7076                   |  40|   0|   40|          0|
    |sext_ln1116_55_reg_7081                   |  40|   0|   40|          0|
    |sext_ln1116_56_reg_7086                   |  39|   0|   39|          0|
    |sext_ln1116_57_reg_7091                   |  40|   0|   40|          0|
    |sext_ln1116_58_reg_7096                   |  40|   0|   40|          0|
    |sext_ln1116_59_reg_7101                   |  40|   0|   40|          0|
    |sext_ln1116_5_reg_6831                    |  40|   0|   40|          0|
    |sext_ln1116_60_reg_7106                   |  40|   0|   40|          0|
    |sext_ln1116_61_reg_7111                   |  40|   0|   40|          0|
    |sext_ln1116_62_reg_7116                   |  39|   0|   39|          0|
    |sext_ln1116_6_reg_6836                    |  39|   0|   39|          0|
    |sext_ln1116_7_reg_6841                    |  40|   0|   40|          0|
    |sext_ln1116_8_reg_6846                    |  40|   0|   40|          0|
    |sext_ln1116_9_reg_6851                    |  39|   0|   39|          0|
    |sext_ln1116_reg_6806                      |  40|   0|   40|          0|
    |sub_ln909_1_reg_6148                      |  32|   0|   32|          0|
    |sub_ln909_reg_6031                        |  32|   0|   32|          0|
    |sum_V_2_reg_6103                          |  32|   0|   32|          0|
    |sum_V_4_reg_2022                          |  32|   0|   32|          0|
    |sum_V_5_reg_2079                          |  32|   0|   32|          0|
    |temp_output2_0_V_addr_1_reg_6118          |   6|   0|    6|          0|
    |temp_output2_0_V_load_10_reg_6286         |  32|   0|   32|          0|
    |temp_output2_0_V_load_11_reg_6291         |  32|   0|   32|          0|
    |temp_output2_0_V_load_12_reg_6306         |  32|   0|   32|          0|
    |temp_output2_0_V_load_13_reg_6311         |  32|   0|   32|          0|
    |temp_output2_0_V_load_14_reg_6326         |  32|   0|   32|          0|
    |temp_output2_0_V_load_15_reg_6331         |  32|   0|   32|          0|
    |temp_output2_0_V_load_16_reg_6346         |  32|   0|   32|          0|
    |temp_output2_0_V_load_17_reg_6351         |  32|   0|   32|          0|
    |temp_output2_0_V_load_18_reg_6366         |  32|   0|   32|          0|
    |temp_output2_0_V_load_19_reg_6371         |  32|   0|   32|          0|
    |temp_output2_0_V_load_1_reg_6191          |  32|   0|   32|          0|
    |temp_output2_0_V_load_20_reg_6386         |  32|   0|   32|          0|
    |temp_output2_0_V_load_21_reg_6391         |  32|   0|   32|          0|
    |temp_output2_0_V_load_22_reg_6406         |  32|   0|   32|          0|
    |temp_output2_0_V_load_23_reg_6411         |  32|   0|   32|          0|
    |temp_output2_0_V_load_24_reg_6426         |  32|   0|   32|          0|
    |temp_output2_0_V_load_25_reg_6431         |  32|   0|   32|          0|
    |temp_output2_0_V_load_26_reg_6446         |  32|   0|   32|          0|
    |temp_output2_0_V_load_27_reg_6451         |  32|   0|   32|          0|
    |temp_output2_0_V_load_28_reg_6466         |  32|   0|   32|          0|
    |temp_output2_0_V_load_29_reg_6471         |  32|   0|   32|          0|
    |temp_output2_0_V_load_2_reg_6206          |  32|   0|   32|          0|
    |temp_output2_0_V_load_30_reg_6486         |  32|   0|   32|          0|
    |temp_output2_0_V_load_31_reg_6491         |  32|   0|   32|          0|
    |temp_output2_0_V_load_32_reg_6506         |  32|   0|   32|          0|
    |temp_output2_0_V_load_33_reg_6511         |  32|   0|   32|          0|
    |temp_output2_0_V_load_34_reg_6526         |  32|   0|   32|          0|
    |temp_output2_0_V_load_35_reg_6531         |  32|   0|   32|          0|
    |temp_output2_0_V_load_36_reg_6546         |  32|   0|   32|          0|
    |temp_output2_0_V_load_37_reg_6551         |  32|   0|   32|          0|
    |temp_output2_0_V_load_38_reg_6566         |  32|   0|   32|          0|
    |temp_output2_0_V_load_39_reg_6571         |  32|   0|   32|          0|
    |temp_output2_0_V_load_3_reg_6211          |  32|   0|   32|          0|
    |temp_output2_0_V_load_40_reg_6586         |  32|   0|   32|          0|
    |temp_output2_0_V_load_41_reg_6591         |  32|   0|   32|          0|
    |temp_output2_0_V_load_42_reg_6606         |  32|   0|   32|          0|
    |temp_output2_0_V_load_43_reg_6611         |  32|   0|   32|          0|
    |temp_output2_0_V_load_44_reg_6626         |  32|   0|   32|          0|
    |temp_output2_0_V_load_45_reg_6631         |  32|   0|   32|          0|
    |temp_output2_0_V_load_46_reg_6646         |  32|   0|   32|          0|
    |temp_output2_0_V_load_47_reg_6651         |  32|   0|   32|          0|
    |temp_output2_0_V_load_48_reg_6666         |  32|   0|   32|          0|
    |temp_output2_0_V_load_49_reg_6671         |  32|   0|   32|          0|
    |temp_output2_0_V_load_4_reg_6226          |  32|   0|   32|          0|
    |temp_output2_0_V_load_50_reg_6686         |  32|   0|   32|          0|
    |temp_output2_0_V_load_51_reg_6691         |  32|   0|   32|          0|
    |temp_output2_0_V_load_52_reg_6706         |  32|   0|   32|          0|
    |temp_output2_0_V_load_53_reg_6711         |  32|   0|   32|          0|
    |temp_output2_0_V_load_54_reg_6726         |  32|   0|   32|          0|
    |temp_output2_0_V_load_55_reg_6731         |  32|   0|   32|          0|
    |temp_output2_0_V_load_56_reg_6746         |  32|   0|   32|          0|
    |temp_output2_0_V_load_57_reg_6751         |  32|   0|   32|          0|
    |temp_output2_0_V_load_58_reg_6766         |  32|   0|   32|          0|
    |temp_output2_0_V_load_59_reg_6771         |  32|   0|   32|          0|
    |temp_output2_0_V_load_5_reg_6231          |  32|   0|   32|          0|
    |temp_output2_0_V_load_60_reg_6786         |  32|   0|   32|          0|
    |temp_output2_0_V_load_61_reg_6791         |  32|   0|   32|          0|
    |temp_output2_0_V_load_63_cast_reg_7121    |  40|   0|   40|          0|
    |temp_output2_0_V_load_6_reg_6246          |  32|   0|   32|          0|
    |temp_output2_0_V_load_7_reg_6251          |  32|   0|   32|          0|
    |temp_output2_0_V_load_8_reg_6266          |  32|   0|   32|          0|
    |temp_output2_0_V_load_9_reg_6271          |  32|   0|   32|          0|
    |temp_output2_0_V_load_reg_6186            |  32|   0|   32|          0|
    |temp_output_0_V_addr_1_reg_6001           |   7|   0|    7|          0|
    |tmp_11_reg_7233                           |  32|   0|   32|          0|
    |tmp_16_reg_7278                           |  32|   0|   32|          0|
    |tmp_21_reg_7323                           |  32|   0|   32|          0|
    |tmp_26_reg_7368                           |  32|   0|   32|          0|
    |tmp_31_reg_7413                           |  32|   0|   32|          0|
    |tmp_36_reg_7458                           |  32|   0|   32|          0|
    |tmp_41_reg_7503                           |  32|   0|   32|          0|
    |tmp_46_reg_7548                           |  32|   0|   32|          0|
    |tmp_51_reg_7593                           |  32|   0|   32|          0|
    |tmp_56_reg_7638                           |  32|   0|   32|          0|
    |tmp_61_reg_7683                           |  32|   0|   32|          0|
    |tmp_66_reg_7723                           |  32|   0|   32|          0|
    |tmp_70_reg_7753                           |  32|   0|   32|          0|
    |tmp_V_4_reg_6016                          |  32|   0|   32|          0|
    |tmp_V_5_reg_6133                          |  32|   0|   32|          0|
    |trunc_ln565_reg_5893                      |  52|   0|   52|          0|
    |trunc_ln893_1_reg_6158                    |  11|   0|   11|          0|
    |trunc_ln893_reg_6041                      |  11|   0|   11|          0|
    |weights_layer1_weights_V_load_1_reg_5982  |   7|   0|    7|          0|
    |weights_layer1_weights_V_load_reg_5972    |   7|   0|    7|          0|
    |zext_ln21_1_reg_5933                      |   8|   0|   16|          8|
    |zext_ln21_reg_5928                        |   8|   0|   64|         56|
    |i_cast_reg_5868                           |  64|  32|   64|         55|
    |icmp_ln59_reg_7131                        |  64|  32|    1|          0|
    |icmp_ln5_reg_5864                         |  64|  32|    1|          0|
    |j_2_cast_reg_7135                         |  64|  32|   64|         61|
    |temp_output2_0_V_addr_1_reg_6118          |  64|  32|    6|          0|
    |temp_output_0_V_addr_1_reg_6001           |  64|  32|    7|          0|
    +------------------------------------------+----+----+-----+-----------+
    |Total                                     |7564| 192| 7503|        296|
    +------------------------------------------+----+----+-----+-----------+



================================================================
== Interface
================================================================
* Summary: 
+--------------------+-----+-----+------------+--------------+--------------+
|      RTL Ports     | Dir | Bits|  Protocol  | Source Object|    C Type    |
+--------------------+-----+-----+------------+--------------+--------------+
|ap_clk              |   in|    1|  ap_ctrl_hs|  nn_inference|  return value|
|ap_rst              |   in|    1|  ap_ctrl_hs|  nn_inference|  return value|
|ap_start            |   in|    1|  ap_ctrl_hs|  nn_inference|  return value|
|ap_done             |  out|    1|  ap_ctrl_hs|  nn_inference|  return value|
|ap_idle             |  out|    1|  ap_ctrl_hs|  nn_inference|  return value|
|ap_ready            |  out|    1|  ap_ctrl_hs|  nn_inference|  return value|
|ap_return           |  out|   32|  ap_ctrl_hs|  nn_inference|  return value|
|input_img_address0  |  out|    9|   ap_memory|     input_img|         array|
|input_img_ce0       |  out|    1|   ap_memory|     input_img|         array|
|input_img_q0        |   in|   32|   ap_memory|     input_img|         array|
+--------------------+-----+-----+------------+--------------+--------------+

